Reusing configuration cache.
> Task :app:preBuild UP-TO-DATE
> Task :app:checkKotlinGradlePluginConfigurationErrors SKIPPED
> Task :app:preDebugBuild UP-TO-DATE
> Task :app:generateDebugResValues
> Task :app:createDebugCompatibleScreenManifests
> Task :app:mapDebugSourceSetPaths
> Task :app:extractDeepLinksDebug
> Task :app:generateDebugResources
> Task :app:processDebugNavigationResources
> Task :app:compileDebugNavigationResources
> Task :app:checkDebugAarMetadata
> Task :app:packageDebugResources
> Task :app:processDebugMainManifest
> Task :app:processDebugManifest
> Task :app:parseDebugLocalResources
> Task :app:processDebugManifestForPackage
> Task :app:mergeDebugResources
> Task :app:processDebugResources
> Task :app:kspDebugKotlin
> Task :app:copyRoomSchemas NO-SOURCE

> Task :app:compileDebugKotlin FAILED
.\gradlew : e: file:///D:/Dev/postmark/app/src/main/java/com/plusorminustwo/pos
tmark/di/RepositoryModule.kt:33:86 No value passed for parameter 'reactionDao'.
At line:1 char:109
+ ... n;$env:PATH"; .\gradlew compileDebugKotlin --rerun-tasks 2>&1 | Out-F ...
+                   ~~~~~~~~~~~~~~~~~~~~~~~~~~~~~~~~~~~~~~~~~~~~~~~
    + CategoryInfo          : NotSpecified: (e: file:///D:/D... 'reactionDao'. 
   :String) [], RemoteException
    + FullyQualifiedErrorId : NativeCommandError
 

FAILURE: Build failed with an exception.

* What went wrong:
Execution failed for task ':app:compileDebugKotlin'.
> A failure occurred while executing org.jetbrains.kotlin.compilerRunner.Gradle
CompilerRunnerWithWorkers$GradleKotlinCompilerWorkAction
   > Compilation error. See log for more details

* Try:
> Run with --stacktrace option to get the stack trace.
> Run with --info or --debug option to get more log output.
> Run with --scan to get full insights from a Build Scan (powered by 
Develocity).
> Get more help at https://help.gradle.org.

BUILD FAILED in 9s
17 actionable tasks: 17 executed
Configuration cache entry reused.
